// Jest Snapshot v1, https://goo.gl/fbAQLP

exports[`should render UserList with users 1`] = `<Connect(UserList) />`;
